info: Microsoft.EntityFrameworkCore.Database.Command[20101]
      Executed DbCommand (15ms) [Parameters=[], CommandType='Text', CommandTimeout='30']
      CREATE TABLE IF NOT EXISTS users (
    Id INTEGER NOT NULL CONSTRAINT PK_users PRIMARY KEY AUTOINCREMENT,
    UserId TEXT NOT NULL,
    Username TEXT NOT NULL,
    NormalizedUsername TEXT NOT NULL,
    PasswordHash TEXT NOT NULL,
    CreatedAtUtc TEXT NOT NULL
);
info: Microsoft.EntityFrameworkCore.Database.Command[20101]
      Executed DbCommand (0ms) [Parameters=[], CommandType='Text', CommandTimeout='30']
      CREATE UNIQUE INDEX IF NOT EXISTS IX_users_UserId ON users (UserId);
info: Microsoft.EntityFrameworkCore.Database.Command[20101]
      Executed DbCommand (0ms) [Parameters=[], CommandType='Text', CommandTimeout='30']
      CREATE UNIQUE INDEX IF NOT EXISTS IX_users_NormalizedUsername ON users (NormalizedUsername);
info: Microsoft.EntityFrameworkCore.Database.Command[20101]
      Executed DbCommand (0ms) [Parameters=[], CommandType='Text', CommandTimeout='30']
      CREATE TABLE IF NOT EXISTS friend_links (
    Id INTEGER NOT NULL CONSTRAINT PK_friend_links PRIMARY KEY AUTOINCREMENT,
    UserAId TEXT NOT NULL,
    UserBId TEXT NOT NULL,
    CreatedAtUtc TEXT NOT NULL
);
info: Microsoft.EntityFrameworkCore.Database.Command[20101]
      Executed DbCommand (0ms) [Parameters=[], CommandType='Text', CommandTimeout='30']
      CREATE UNIQUE INDEX IF NOT EXISTS IX_friend_links_UserAId_UserBId ON friend_links (UserAId, UserBId);
info: Microsoft.EntityFrameworkCore.Database.Command[20101]
      Executed DbCommand (0ms) [Parameters=[], CommandType='Text', CommandTimeout='30']
      CREATE TABLE IF NOT EXISTS messages (
    MessageId INTEGER NOT NULL CONSTRAINT PK_messages PRIMARY KEY AUTOINCREMENT,
    FromUserId TEXT NOT NULL,
    ToUserId TEXT NOT NULL,
    Content TEXT NOT NULL,
    SentAtUtc TEXT NOT NULL
);
info: Microsoft.EntityFrameworkCore.Database.Command[20101]
      Executed DbCommand (0ms) [Parameters=[], CommandType='Text', CommandTimeout='30']
      CREATE INDEX IF NOT EXISTS IX_messages_FromUserId_ToUserId_MessageId ON messages (FromUserId, ToUserId, MessageId);
info: Microsoft.EntityFrameworkCore.Database.Command[20101]
      Executed DbCommand (0ms) [Parameters=[], CommandType='Text', CommandTimeout='30']
      CREATE TABLE IF NOT EXISTS save_slots (
    Id INTEGER NOT NULL CONSTRAINT PK_save_slots PRIMARY KEY AUTOINCREMENT,
    SaveId TEXT NOT NULL,
    UserId TEXT NOT NULL,
    PlayerName TEXT NOT NULL,
    PortraitId TEXT NOT NULL DEFAULT 'UIÕº∆¨/ÃÏ“¿',
    LevelIndex INTEGER NOT NULL,
    Version INTEGER NOT NULL,
    SaveJson TEXT NOT NULL,
    CreatedAtUtc TEXT NOT NULL,
    UpdatedAtUtc TEXT NOT NULL
);
info: Microsoft.EntityFrameworkCore.Database.Command[20101]
      Executed DbCommand (0ms) [Parameters=[], CommandType='Text', CommandTimeout='30']
      CREATE UNIQUE INDEX IF NOT EXISTS IX_save_slots_SaveId ON save_slots (SaveId);
info: Microsoft.EntityFrameworkCore.Database.Command[20101]
      Executed DbCommand (0ms) [Parameters=[], CommandType='Text', CommandTimeout='30']
      CREATE INDEX IF NOT EXISTS IX_save_slots_UserId_UpdatedAtUtc ON save_slots (UserId, UpdatedAtUtc);
info: Microsoft.EntityFrameworkCore.Database.Command[20101]
      Executed DbCommand (0ms) [Parameters=[], CommandType='Text', CommandTimeout='30']
      CREATE TABLE IF NOT EXISTS active_save_contexts (
    Id INTEGER NOT NULL CONSTRAINT PK_active_save_contexts PRIMARY KEY AUTOINCREMENT,
    UserId TEXT NOT NULL,
    SaveId TEXT NOT NULL,
    PlayerName TEXT NOT NULL,
    PortraitId TEXT NOT NULL DEFAULT 'UIÕº∆¨/ÃÏ“¿',
    LevelIndex INTEGER NOT NULL,
    UpdatedAtUtc TEXT NOT NULL
);
info: Microsoft.EntityFrameworkCore.Database.Command[20101]
      Executed DbCommand (0ms) [Parameters=[], CommandType='Text', CommandTimeout='30']
      CREATE UNIQUE INDEX IF NOT EXISTS IX_active_save_contexts_UserId ON active_save_contexts (UserId);
info: Microsoft.EntityFrameworkCore.Database.Command[20101]
      Executed DbCommand (0ms) [Parameters=[], CommandType='Text', CommandTimeout='30']
      CREATE TABLE IF NOT EXISTS aid_requests (
    Id INTEGER NOT NULL CONSTRAINT PK_aid_requests PRIMARY KEY AUTOINCREMENT,
    RequestId TEXT NOT NULL,
    HostUserId TEXT NOT NULL,
    HostSaveId TEXT NOT NULL,
    HostPlayerName TEXT NOT NULL,
    HostLevelIndex INTEGER NOT NULL,
    HelperUserId TEXT NOT NULL,
    HelperPlayerName TEXT NOT NULL,
    Status TEXT NOT NULL,
    Message TEXT NOT NULL,
    CreatedAtUtc TEXT NOT NULL,
    UpdatedAtUtc TEXT NOT NULL
);
info: Microsoft.EntityFrameworkCore.Database.Command[20101]
      Executed DbCommand (0ms) [Parameters=[], CommandType='Text', CommandTimeout='30']
      CREATE UNIQUE INDEX IF NOT EXISTS IX_aid_requests_RequestId ON aid_requests (RequestId);
info: Microsoft.EntityFrameworkCore.Database.Command[20101]
      Executed DbCommand (0ms) [Parameters=[], CommandType='Text', CommandTimeout='30']
      CREATE INDEX IF NOT EXISTS IX_aid_requests_HelperUserId_Status_CreatedAtUtc ON aid_requests (HelperUserId, Status, CreatedAtUtc);
info: Microsoft.EntityFrameworkCore.Database.Command[20101]
      Executed DbCommand (0ms) [Parameters=[], CommandType='Text', CommandTimeout='30']
      CREATE TABLE IF NOT EXISTS aid_sessions (
    Id INTEGER NOT NULL CONSTRAINT PK_aid_sessions PRIMARY KEY AUTOINCREMENT,
    SessionId TEXT NOT NULL,
    RequestId TEXT NOT NULL,
    HostUserId TEXT NOT NULL,
    HostSaveId TEXT NOT NULL,
    HostPlayerName TEXT NOT NULL,
    HostLevelIndex INTEGER NOT NULL,
    HelperUserId TEXT NOT NULL,
    HelperSaveId TEXT NOT NULL,
    HelperPlayerName TEXT NOT NULL,
    HelperLevelIndex INTEGER NOT NULL,
    Status TEXT NOT NULL,
    CreatedAtUtc TEXT NOT NULL,
    UpdatedAtUtc TEXT NOT NULL
);
info: Microsoft.EntityFrameworkCore.Database.Command[20101]
      Executed DbCommand (0ms) [Parameters=[], CommandType='Text', CommandTimeout='30']
      CREATE UNIQUE INDEX IF NOT EXISTS IX_aid_sessions_SessionId ON aid_sessions (SessionId);
info: Microsoft.EntityFrameworkCore.Database.Command[20101]
      Executed DbCommand (0ms) [Parameters=[], CommandType='Text', CommandTimeout='30']
      CREATE INDEX IF NOT EXISTS IX_aid_sessions_HostUserId_Status ON aid_sessions (HostUserId, Status);
info: Microsoft.EntityFrameworkCore.Database.Command[20101]
      Executed DbCommand (0ms) [Parameters=[], CommandType='Text', CommandTimeout='30']
      CREATE INDEX IF NOT EXISTS IX_aid_sessions_HelperUserId_Status ON aid_sessions (HelperUserId, Status);
info: Microsoft.Hosting.Lifetime[14]
      Now listening on: http://0.0.0.0:5076
info: Microsoft.Hosting.Lifetime[0]
      Application started. Press Ctrl+C to shut down.
info: Microsoft.Hosting.Lifetime[0]
      Hosting environment: Production
info: Microsoft.Hosting.Lifetime[0]
      Content root path: D:\Users\unity\3D»‚∏Î1\Backend\SocialBackend\bin\Debug\net8.0
